Power Analyzer report for pipemult2
Sun Jul 04 10:41:26 2021
Quartus Prime Version 20.1.1 Build 720 11/11/2020 SJ Lite Edition


---------------------
; Table of Contents ;
---------------------
  1. Legal Notice
  2. Parallel Compilation
  3. Power Analyzer Summary
  4. Power Analyzer Settings
  5. Operating Conditions Used
  6. Thermal Power Dissipation by Block
  7. Thermal Power Dissipation by Block Type
  8. Thermal Power Dissipation by Hierarchy
  9. Core Dynamic Thermal Power Dissipation by Clock Domain
 10. Current Drawn from Voltage Supplies Summary
 11. VCCIO Supply Current Drawn by I/O Bank
 12. VCCIO Supply Current Drawn by Voltage
 13. Confidence Metric Details
 14. Signal Activities
 15. Power Analyzer Messages



----------------
; Legal Notice ;
----------------
Copyright (C) 2020  Intel Corporation. All rights reserved.
Your use of Intel Corporation's design tools, logic functions 
and other software and tools, and any partner logic 
functions, and any output files from any of the foregoing 
(including device programming or simulation files), and any 
associated documentation or information are expressly subject 
to the terms and conditions of the Intel Program License 
Subscription Agreement, the Intel Quartus Prime License Agreement,
the Intel FPGA IP License Agreement, or other applicable license
agreement, including, without limitation, that your use is for
the sole purpose of programming logic devices manufactured by
Intel and sold by Intel or its authorized distributors.  Please
refer to the applicable agreement for further details, at
https://fpgasoftware.intel.com/eula.



+------------------------------------------+
; Parallel Compilation                     ;
+----------------------------+-------------+
; Processors                 ; Number      ;
+----------------------------+-------------+
; Number detected on machine ; 12          ;
; Maximum allowed            ; 6           ;
;                            ;             ;
; Average used               ; 1.07        ;
; Maximum used               ; 6           ;
;                            ;             ;
; Usage by Processor         ; % Time Used ;
;     Processor 1            ; 100.0%      ;
;     Processors 2-6         ;   1.4%      ;
+----------------------------+-------------+


+-------------------------------------------------------------------------------------------+
; Power Analyzer Summary                                                                    ;
+----------------------------------------+--------------------------------------------------+
; Power Analyzer Status                  ; Successful - Sun Jul 04 10:41:26 2021            ;
; Quartus Prime Version                  ; 20.1.1 Build 720 11/11/2020 SJ Lite Edition      ;
; Revision Name                          ; pipemult2                                        ;
; Top-level Entity Name                  ; pipemult                                         ;
; Family                                 ; MAX 10                                           ;
; Device                                 ; 10M08DAF484C8GES                                 ;
; Power Models                           ; Final                                            ;
; Total Thermal Power Dissipation        ; 82.73 mW                                         ;
; Core Dynamic Thermal Power Dissipation ; 3.77 mW                                          ;
; Core Static Thermal Power Dissipation  ; 63.47 mW                                         ;
; I/O Thermal Power Dissipation          ; 15.48 mW                                         ;
; Power Estimation Confidence            ; Low: user provided insufficient toggle rate data ;
+----------------------------------------+--------------------------------------------------+


+--------------------------------------------------------------------------------------------------------------------------+
; Power Analyzer Settings                                                                                                  ;
+------------------------------------------------------------------+---------------------------------------+---------------+
; Option                                                           ; Setting                               ; Default Value ;
+------------------------------------------------------------------+---------------------------------------+---------------+
; Use smart compilation                                            ; Off                                   ; Off           ;
; Enable parallel Assembler and Timing Analyzer during compilation ; On                                    ; On            ;
; Enable compact report table                                      ; Off                                   ; Off           ;
; Device Power Characteristics                                     ; MAXIMUM                               ; TYPICAL       ;
; Preset Cooling Solution                                          ; 23 MM HEAT SINK WITH 200 LFPM AIRFLOW ;               ;
; Board thermal model                                              ; None (CONSERVATIVE)                   ;               ;
; Default Power Toggle Rate                                        ; 12.5%                                 ; 12.5%         ;
; Default Power Input I/O Toggle Rate                              ; 12.5%                                 ; 12.5%         ;
; Use vectorless estimation                                        ; On                                    ; On            ;
; Use Input Files                                                  ; Off                                   ; Off           ;
; Filter Glitches in VCD File Reader                               ; On                                    ; On            ;
; Power Analyzer Report Signal Activity                            ; Off                                   ; Off           ;
; Power Analyzer Report Power Dissipation                          ; Off                                   ; Off           ;
; Automatically Compute Junction Temperature                       ; On                                    ; On            ;
; Specified Junction Temperature                                   ; 25                                    ; 25            ;
; Ambient Temperature                                              ; 25                                    ; 25            ;
; Use Custom Cooling Solution                                      ; Off                                   ; Off           ;
; Board Temperature                                                ; 25                                    ; 25            ;
+------------------------------------------------------------------+---------------------------------------+---------------+


+--------------------------------------------------------------------------+
; Operating Conditions Used                                                ;
+---------------------------------------------+----------------------------+
; Setting                                     ; Value                      ;
+---------------------------------------------+----------------------------+
; Device power characteristics                ; Maximum                    ;
;                                             ;                            ;
; Voltages                                    ;                            ;
;     VCC                                     ; 1.20 V                     ;
;     VCCA                                    ; 2.50 V                     ;
;     VCCD_PLL                                ; 1.20 V                     ;
;     VCCINT                                  ; 1.20 V                     ;
;     VCCA_ADC                                ; 2.50 V                     ;
;     2.5 V I/O Standard                      ; 2.5 V                      ;
;     2.5 V Schmitt Trigger I/O Standard      ; 2.5 V                      ;
;                                             ;                            ;
; Auto computed junction temperature          ; 26.2 degrees Celsius       ;
;     Ambient temperature                     ; 25.0 degrees Celsius       ;
;     Junction-to-Case thermal resistance     ; 11.20 degrees Celsius/Watt ;
;     Case-to-Heat Sink thermal resistance    ; 0.10 degrees Celsius/Watt  ;
;     Heat Sink-to-Ambient thermal resistance ; 3.50 degrees Celsius/Watt  ;
;                                             ;                            ;
; Board model used                            ; None                       ;
+---------------------------------------------+----------------------------+


+----------------------------------------------------------------------------------------------------------------------------------------------+
; Thermal Power Dissipation by Block                                                                                                           ;
+------------+------------+---------------------+-----------------------------+--------------------------------+-------------------------------+
; Block Name ; Block Type ; Total Thermal Power ; Block Thermal Dynamic Power ; Block Thermal Static Power (1) ; Routing Thermal Dynamic Power ;
+------------+------------+---------------------+-----------------------------+--------------------------------+-------------------------------+
(1) The "Thermal Power Dissipation by Block" Table has been hidden. To show this table, please select the "Write power dissipation by block to report file" option under "PowerPlay Power Analyzer Settings".


+---------------------------------------------------------------------------------------------------------------------------------------------------------------------------------------------------------------------------+
; Thermal Power Dissipation by Block Type                                                                                                                                                                                   ;
+----------------------------+-----------------------------------+-----------------------------+--------------------------------+-------------------------------+-----------------------------------------------------------+
; Block Type                 ; Total Thermal Power by Block Type ; Block Thermal Dynamic Power ; Block Thermal Static Power (1) ; Routing Thermal Dynamic Power ; Block Average Toggle Rate (millions of transitions / sec) ;
+----------------------------+-----------------------------------+-----------------------------+--------------------------------+-------------------------------+-----------------------------------------------------------+
; M9K                        ; 1.80 mW                           ; 1.77 mW                     ; --                             ; 0.03 mW                       ;    6.250                                                  ;
; Embedded multiplier block  ; 0.17 mW                           ; 0.17 mW                     ; --                             ; 0.00 mW                       ;   44.444                                                  ;
; Embedded multiplier output ; 0.29 mW                           ; 0.00 mW                     ; --                             ; 0.29 mW                       ;   50.000                                                  ;
; Combinational cell         ; 0.00 mW                           ; 0.00 mW                     ; --                             ; 0.00 mW                       ;   10.417                                                  ;
; Clock control block        ; 1.35 mW                           ; 0.00 mW                     ; --                             ; 1.35 mW                       ;  200.000                                                  ;
; Register cell              ; 0.07 mW                           ; 0.05 mW                     ; --                             ; 0.02 mW                       ;   12.500                                                  ;
; I/O register               ; 1.14 mW                           ; 1.14 mW                     ; --                             ; 0.00 mW                       ;    6.250                                                  ;
; I/O                        ; 3.20 mW                           ; 2.90 mW                     ; 0.20 mW                        ; 0.10 mW                       ;   12.260                                                  ;
+----------------------------+-----------------------------------+-----------------------------+--------------------------------+-------------------------------+-----------------------------------------------------------+
(1) The "Block Thermal Static Power" for all block types except Pins and the Voltage Regulator, if one exists, is part of the "Core Static Thermal Power Dissipation" value found on the PowerPlay Power Analyzer-->Summary report panel. The "Core Static Thermal Power Dissipation" also contains the thermal static power dissipated by the routing.


+------------------------------------------------------------------------------------------------------------------------------------------------------------------------------------------------------------------------------------------------------------------------------+
; Thermal Power Dissipation by Hierarchy                                                                                                                                                                                                                                       ;
+---------------------------------------------+--------------------------------------+---------------------------------+-----------------------------------+-----------------------------------+-------------------------------------------------------------------------------+
; Compilation Hierarchy Node                  ; Total Thermal Power by Hierarchy (1) ; Block Thermal Dynamic Power (1) ; Block Thermal Static Power (1)(2) ; Routing Thermal Dynamic Power (1) ; Full Hierarchy Name                                                           ;
+---------------------------------------------+--------------------------------------+---------------------------------+-----------------------------------+-----------------------------------+-------------------------------------------------------------------------------+
; |pipemult                                   ; 8.01 mW (5.68 mW)                    ; 6.03 mW (4.03 mW)               ; 0.20 mW (0.20 mW)                 ; 1.78 mW (1.45 mW)                 ; |pipemult                                                                     ;
;     |hard_block:auto_generated_inst         ; 0.00 mW (0.00 mW)                    ; 0.00 mW (0.00 mW)               ; --                                ; 0.00 mW (0.00 mW)                 ; |pipemult|hard_block:auto_generated_inst                                      ;
;     |mult:inst                              ; 0.46 mW (0.00 mW)                    ; 0.17 mW (0.00 mW)               ; --                                ; 0.29 mW (0.00 mW)                 ; |pipemult|mult:inst                                                           ;
;         |lpm_mult:lpm_mult_component        ; 0.46 mW (0.00 mW)                    ; 0.17 mW (0.00 mW)               ; --                                ; 0.29 mW (0.00 mW)                 ; |pipemult|mult:inst|lpm_mult:lpm_mult_component                               ;
;             |mult_blo:auto_generated        ; 0.46 mW (0.46 mW)                    ; 0.17 mW (0.17 mW)               ; --                                ; 0.29 mW (0.29 mW)                 ; |pipemult|mult:inst|lpm_mult:lpm_mult_component|mult_blo:auto_generated       ;
;     |ram:inst1                              ; 1.87 mW (0.07 mW)                    ; 1.82 mW (0.05 mW)               ; --                                ; 0.04 mW (0.02 mW)                 ; |pipemult|ram:inst1                                                           ;
;         |altsyncram:ram_block_rtl_0         ; 1.80 mW (0.00 mW)                    ; 1.77 mW (0.00 mW)               ; --                                ; 0.03 mW (0.00 mW)                 ; |pipemult|ram:inst1|altsyncram:ram_block_rtl_0                                ;
;             |altsyncram_87g1:auto_generated ; 1.80 mW (1.80 mW)                    ; 1.77 mW (1.77 mW)               ; --                                ; 0.03 mW (0.03 mW)                 ; |pipemult|ram:inst1|altsyncram:ram_block_rtl_0|altsyncram_87g1:auto_generated ;
+---------------------------------------------+--------------------------------------+---------------------------------+-----------------------------------+-----------------------------------+-------------------------------------------------------------------------------+
(1) Value in parentheses is the power consumed at that level of hierarchy. Value not in parentheses is the power consumed at that level of hierarchy plus the power consumed by all levels of hierarchy below it.

(2) The "Block Thermal Static Power" for all levels of hierarchy except the top-level hierarchy is part of the "Core Static Thermal Power Dissipation" value found on the PowerPlay Power Analyzer-->Summary report panel. The "Core Static Thermal Power Dissipation" also contains the thermal static power dissipated by the routing.


+--------------------------------------------------------------------+
; Core Dynamic Thermal Power Dissipation by Clock Domain             ;
+-----------------+-----------------------+--------------------------+
; Clock Domain    ; Clock Frequency (MHz) ; Total Core Dynamic Power ;
+-----------------+-----------------------+--------------------------+
; clk1            ; 100.00                ; 4.74                     ;
; No clock domain ; 0.00                  ; 0.17                     ;
+-----------------+-----------------------+--------------------------+


+------------------------------------------------------------------------------------------------------------------------------------+
; Current Drawn from Voltage Supplies Summary                                                                                        ;
+----------------+-------------------------+---------------------------+--------------------------+----------------------------------+
; Voltage Supply ; Total Current Drawn (1) ; Dynamic Current Drawn (1) ; Static Current Drawn (1) ; Minimum Power Supply Current (2) ;
+----------------+-------------------------+---------------------------+--------------------------+----------------------------------+
; VCC            ; 11.93 mA                ; 4.24 mA                   ; 7.69 mA                  ; 11.93 mA                         ;
; VCCIO          ; 5.67 mA                 ; 1.04 mA                   ; 4.62 mA                  ; 5.67 mA                          ;
; VCCA           ; 20.99 mA                ; 0.00 mA                   ; 20.99 mA                 ; 20.99 mA                         ;
; VCCD_PLL       ; 7.81 mA                 ; 0.00 mA                   ; 7.81 mA                  ; 7.81 mA                          ;
; VCCINT         ; 0.15 mA                 ; 0.00 mA                   ; 0.15 mA                  ; 0.15 mA                          ;
; VCCA_ADC       ; 0.00 mA                 ; 0.00 mA                   ; 0.00 mA                  ; 0.00 mA                          ;
+----------------+-------------------------+---------------------------+--------------------------+----------------------------------+
(1) Currents reported in columns "Total Current Drawn", "Dynamic Current Drawn", and "Static Current Drawn" are sufficient for user operation of the device.  
(2) Currents reported in column "Minimum Power Supply Current" are sufficient for power-up, configuration, and user operation of the device.


+-----------------------------------------------------------------------------------------------+
; VCCIO Supply Current Drawn by I/O Bank                                                        ;
+----------+---------------+---------------------+-----------------------+----------------------+
; I/O Bank ; VCCIO Voltage ; Total Current Drawn ; Dynamic Current Drawn ; Static Current Drawn ;
+----------+---------------+---------------------+-----------------------+----------------------+
; 1A       ; 2.5V          ; 0.50 mA             ; 0.00 mA               ; 0.50 mA              ;
; 1B       ; 2.5V          ; 0.51 mA             ; 0.00 mA               ; 0.51 mA              ;
; 2        ; 2.5V          ; 0.60 mA             ; 0.10 mA               ; 0.50 mA              ;
; 3        ; 2.5V          ; 0.56 mA             ; 0.04 mA               ; 0.52 mA              ;
; 4        ; 2.5V          ; 1.22 mA             ; 0.66 mA               ; 0.56 mA              ;
; 5        ; 2.5V          ; 0.77 mA             ; 0.24 mA               ; 0.53 mA              ;
; 6        ; 2.5V          ; 0.50 mA             ; 0.00 mA               ; 0.50 mA              ;
; 7        ; 2.5V          ; 0.50 mA             ; 0.00 mA               ; 0.50 mA              ;
; 8        ; 2.5V          ; 0.51 mA             ; 0.00 mA               ; 0.51 mA              ;
+----------+---------------+---------------------+-----------------------+----------------------+


+-----------------------------------------------------------------------------------------------------------------------------------+
; VCCIO Supply Current Drawn by Voltage                                                                                             ;
+---------------+-------------------------+---------------------------+--------------------------+----------------------------------+
; VCCIO Voltage ; Total Current Drawn (1) ; Dynamic Current Drawn (1) ; Static Current Drawn (1) ; Minimum Power Supply Current (2) ;
+---------------+-------------------------+---------------------------+--------------------------+----------------------------------+
; 2.5V          ; 5.67 mA                 ; 1.04 mA                   ; 4.62 mA                  ; 5.67 mA                          ;
+---------------+-------------------------+---------------------------+--------------------------+----------------------------------+
(1) Currents reported in columns "Total Current Drawn", "Dynamic Current Drawn", and "Static Current Drawn" are sufficient for user operation of the device.  
(2) Currents reported in column "Minimum Power Supply Current" are sufficient for power-up, configuration, and user operation of the device.


+-------------------------------------------------------------------------------------------------------------------------------------------------+
; Confidence Metric Details                                                                                                                       ;
+----------------------------------------------------------------------------------------+-------------+------------+-------------+---------------+
; Data Source                                                                            ; Total       ; Pin        ; Registered  ; Combinational ;
+----------------------------------------------------------------------------------------+-------------+------------+-------------+---------------+
; Simulation (from file)                                                                 ;             ;            ;             ;               ;
;     -- Number of signals with Toggle Rate from Simulation                              ; 0 (0.0%)    ; 0 (0.0%)   ; 0 (0.0%)    ; 0 (0.0%)      ;
;     -- Number of signals with Static Probability from Simulation                       ; 0 (0.0%)    ; 0 (0.0%)   ; 0 (0.0%)    ; 0 (0.0%)      ;
;                                                                                        ;             ;            ;             ;               ;
; Node, entity or clock assignment                                                       ;             ;            ;             ;               ;
;     -- Number of signals with Toggle Rate from Node, entity or clock assignment        ; 2 (1.1%)    ; 1 (1.9%)   ; 0 (0.0%)    ; 1 (1.2%)      ;
;     -- Number of signals with Static Probability from Node, entity or clock assignment ; 2 (1.1%)    ; 1 (1.9%)   ; 0 (0.0%)    ; 1 (1.2%)      ;
;                                                                                        ;             ;            ;             ;               ;
; Vectorless estimation                                                                  ;             ;            ;             ;               ;
;     -- Number of signals with Toggle Rate from Vectorless estimation                   ; 139 (79.4%) ; 17 (32.7%) ; 37 (100.0%) ; 85 (98.8%)    ;
;     -- Number of signals with Zero toggle rate, from Vectorless estimation             ; 5 (2.9%)    ; 1 (1.9%)   ; 0 (0.0%)    ; 4 (4.7%)      ;
;     -- Number of signals with Static Probability from Vectorless estimation            ; 139 (79.4%) ; 17 (32.7%) ; 37 (100.0%) ; 85 (98.8%)    ;
;                                                                                        ;             ;            ;             ;               ;
; Default assignment                                                                     ;             ;            ;             ;               ;
;     -- Number of signals with Toggle Rate from Default assignment                      ; 27 (15.4%)  ; 27 (51.9%) ; 0 (0.0%)    ; 0 (0.0%)      ;
;     -- Number of signals with Static Probability from Default assignment               ; 34 (19.4%)  ; 34 (65.4%) ; 0 (0.0%)    ; 0 (0.0%)      ;
;                                                                                        ;             ;            ;             ;               ;
; Assumed 0                                                                              ;             ;            ;             ;               ;
;     -- Number of signals with Toggle Rate assumed 0                                    ; 7 (4.0%)    ; 7 (13.5%)  ; 0 (0.0%)    ; 0 (0.0%)      ;
+----------------------------------------------------------------------------------------+-------------+------------+-------------+---------------+


+---------------------------------------------------------------------------------------------------------------------------------------------+
; Signal Activities                                                                                                                           ;
+--------+------+---------------------------------------------+-------------------------+--------------------+--------------------------------+
; Signal ; Type ; Toggle Rate (millions of transitions / sec) ; Toggle Rate Data Source ; Static Probability ; Static Probability Data Source ;
+--------+------+---------------------------------------------+-------------------------+--------------------+--------------------------------+
(1) The "Signal Activity" Table has been hidden. To show this table, please select the "Write signal activities to report file" option under "PowerPlay Power Analyzer Settings".


+-------------------------+
; Power Analyzer Messages ;
+-------------------------+
Info: *******************************************************************
Info: Running Quartus Prime Power Analyzer
    Info: Version 20.1.1 Build 720 11/11/2020 SJ Lite Edition
    Info: Processing started: Sun Jul 04 10:41:24 2021
Info: Command: quartus_pow --read_settings_files=on --write_settings_files=off pipemult -c pipemult2
Warning (18236): Number of processors has not been specified which may cause overloading on shared machines.  Set the global assignment NUM_PARALLEL_PROCESSORS in your QSF to an appropriate value for best performance.
Info (21077): Low junction temperature is 0 degrees C
Info (21077): High junction temperature is 85 degrees C
Info (332104): Reading SDC File: 'pipemult2.sdc'
Info (332151): Clock uncertainty is not calculated until you update the timing netlist.
Info (332123): Deriving Clock Uncertainty. Please refer to report_sdc in the Timing Analyzer to see clock uncertainties.
Info (223000): Starting Vectorless Power Activity Estimation
Info (223001): Completed Vectorless Power Activity Estimation
Info (218000): Using Advanced I/O Power to simulate I/O buffers with the specified board trace model
Info (334003): Started post-fitting delay annotation
Warning (334000): Timing characteristics of device 10M08DAF484C8GES are preliminary
Info (334004): Delay annotation completed successfully
Info (215049): Average toggle rate for this design is 21.250 millions of transitions / sec
Info (215031): Total thermal power estimate for the design is 82.73 mW
Info: Quartus Prime Power Analyzer was successful. 0 errors, 2 warnings
    Info: Peak virtual memory: 4854 megabytes
    Info: Processing ended: Sun Jul 04 10:41:26 2021
    Info: Elapsed time: 00:00:02
    Info: Total CPU time (on all processors): 00:00:02


